../Core/Src/fsm_traffic_mode.c:31:6:config_leds	16	static
../Core/Src/fsm_traffic_mode.c:41:6:init_auto_mode	8	static
../Core/Src/fsm_traffic_mode.c:56:6:init_red_config_mode	8	static
../Core/Src/fsm_traffic_mode.c:69:6:init_amber_config_mode	8	static
../Core/Src/fsm_traffic_mode.c:82:6:init_green_config_mode	8	static
../Core/Src/fsm_traffic_mode.c:97:6:fsm_mode_auto	8	static
../Core/Src/fsm_traffic_mode.c:194:6:mode_red_config	8	static
../Core/Src/fsm_traffic_mode.c:211:6:mode_amber_config	8	static
../Core/Src/fsm_traffic_mode.c:229:6:mode_green_config	8	static
../Core/Src/fsm_traffic_mode.c:248:6:init_fsm_traffic_mode	8	static
../Core/Src/fsm_traffic_mode.c:254:6:fsm_traffic_mode	8	static
